[INFO] Scanning for projects...
[WARNING] 
[WARNING] Some problems were encountered while building the effective model for org.example:YanQue-Admin:jar:1.0-SNAPSHOT
[WARNING] 'dependencies.dependency.(groupId:artifactId:type:classifier)' must be unique: org.springdoc:springdoc-openapi-starter-webmvc-ui:jar -> duplicate declaration of version 2.1.0 @ line 98, column 17
[WARNING] 
[WARNING] It is highly recommended to fix these problems because they threaten the stability of your build.
[WARNING] 
[WARNING] For this reason, future Maven versions might no longer support building such malformed projects.
[WARNING] 
[INFO] 
[INFO] ----------------------< org.example:YanQue-Admin >----------------------
[INFO] Building YanQue-Admin 1.0-SNAPSHOT
[INFO]   from pom.xml
[INFO] --------------------------------[ jar ]---------------------------------
[INFO] 
[INFO] >>> spring-boot:3.2.0:run (default-cli) > test-compile @ YanQue-Admin >>>
[INFO] 
[INFO] --- resources:3.3.1:resources (default-resources) @ YanQue-Admin ---
[INFO] Copying 3 resources from src\main\resources to target\classes
[INFO] Copying 27 resources from src\main\resources to target\classes
[INFO] 
[INFO] --- compiler:3.11.0:compile (default-compile) @ YanQue-Admin ---
[INFO] Nothing to compile - all classes are up to date
[INFO] 
[INFO] --- resources:3.3.1:testResources (default-testResources) @ YanQue-Admin ---
[INFO] skip non existing resourceDirectory D:\Java\code\yq\YanQue-Admin\src\test\resources
[INFO] 
[INFO] --- compiler:3.11.0:testCompile (default-testCompile) @ YanQue-Admin ---
[INFO] Changes detected - recompiling the module! :source
[INFO] Compiling 1 source file with javac [debug release 17] to target\test-classes
[INFO] -------------------------------------------------------------
[ERROR] COMPILATION ERROR : 
[INFO] -------------------------------------------------------------
[ERROR] /D:/Java/code/yq/YanQue-Admin/src/test/java/org/example/AppTest.java:[3,23] 程序包junit.framework不存在
[ERROR] /D:/Java/code/yq/YanQue-Admin/src/test/java/org/example/AppTest.java:[4,23] 程序包junit.framework不存在
[ERROR] /D:/Java/code/yq/YanQue-Admin/src/test/java/org/example/AppTest.java:[5,23] 程序包junit.framework不存在
[ERROR] /D:/Java/code/yq/YanQue-Admin/src/test/java/org/example/AppTest.java:[11,13] 找不到符号
  符号: 类 TestCase
[ERROR] /D:/Java/code/yq/YanQue-Admin/src/test/java/org/example/AppTest.java:[26,19] 找不到符号
  符号:   类 Test
  位置: 类 org.example.AppTest
[INFO] 5 errors 
[INFO] -------------------------------------------------------------
[INFO] ------------------------------------------------------------------------
[INFO] BUILD FAILURE
[INFO] ------------------------------------------------------------------------
[INFO] Total time:  15.788 s
[INFO] Finished at: 2026-07-15T14:30:17+08:00
[INFO] ------------------------------------------------------------------------
[ERROR] Failed to execute goal org.apache.maven.plugins:maven-compiler-plugin:3.11.0:testCompile (default-testCompile) on project YanQue-Admin: Compilation failure: Compilation failure: 
[ERROR] /D:/Java/code/yq/YanQue-Admin/src/test/java/org/example/AppTest.java:[3,23] 程序包junit.framework不存在
[ERROR] /D:/Java/code/yq/YanQue-Admin/src/test/java/org/example/AppTest.java:[4,23] 程序包junit.framework不存在
[ERROR] /D:/Java/code/yq/YanQue-Admin/src/test/java/org/example/AppTest.java:[5,23] 程序包junit.framework不存在
[ERROR] /D:/Java/code/yq/YanQue-Admin/src/test/java/org/example/AppTest.java:[11,13] 找不到符号
[ERROR]   符号: 类 TestCase
[ERROR] /D:/Java/code/yq/YanQue-Admin/src/test/java/org/example/AppTest.java:[26,19] 找不到符号
[ERROR]   符号:   类 Test
[ERROR]   位置: 类 org.example.AppTest
[ERROR] -> [Help 1]
[ERROR] 
[ERROR] To see the full stack trace of the errors, re-run Maven with the -e switch.
[ERROR] Re-run Maven using the -X switch to enable full debug logging.
[ERROR] 
[ERROR] For more information about the errors and possible solutions, please read the following articles:
[ERROR] [Help 1] http://cwiki.apache.org/confluence/display/MAVEN/MojoFailureException
